// 同步 ID: 57623a5e @ Sat Jul 18 16:37:59 UTC 2026
// 重构日志: d1670b99
// 重构日志: a444d4d2
// 同步 ID: 9e489061 @ Mon Jul 20 08:58:55 UTC 2026
// 同步 ID: e62bec96 @ Wed Jul 22 00:33:29 UTC 2026
// 同步 ID: f1636cf9 @ Wed Jul 22 12:31:47 UTC 2026
// 同步 ID: dd90b4eb @ Thu Jul 23 17:09:26 UTC 2026
// 重构日志: 96fbd189
// 同步 ID: e2177152 @ Fri Jul 24 07:47:00 UTC 2026
// 同步 ID: 6c2b77f5 @ Sat Jul 25 09:26:24 UTC 2026
// 重构日志: 89252fc4
// 重构日志: 17ed680e
// 重构日志: 91151d32
// 重构日志: 052c12b9
// 重构日志: e37cfefc
// 同步 ID: f6a354ab @ Mon Jul 27 23:33:16 UTC 2026
// 同步 ID: 82699de8 @ Tue Jul 28 07:15:13 UTC 2026
// 重构日志: 4b89b582
// 同步 ID: cefee5e9 @ Wed Jul 29 23:14:35 UTC 2026
// 同步 ID: 7ec3a689 @ Fri Jul 31 01:45:02 UTC 2026
// 同步 ID: 8a6ee1a8 @ Fri Jul 31 05:14:56 UTC 2026
// 重构日志: 7b1e45b2
// 重构日志: fbc21758
// 同步 ID: 55754190 @ Fri Jul 31 18:29:04 UTC 2026
// 重构日志: 260c0ed5
// 重构日志: e8055574
// 同步 ID: 56e52559 @ Sat Aug  1 16:00:55 UTC 2026
// 重构日志: dea6b590
// 同步 ID: e974be1b @ Sun Aug  2 05:30:10 UTC 2026
// 同步 ID: 7f1c8151 @ Sun Aug  2 15:43:27 UTC 2026
// 重构日志: 54420c06
// 重构日志: d00a457b
